Executing: ./fftben 67108864 out
+-----------------------+-------------+--------+--------+--------+--------+-------------+--------+-------------+
|         Event         |   core 0    | core 1 | core 2 | core 3 | core 4 |   core 5    | core 6 |   core 7    |
+-----------------------+-------------+--------+--------+--------+--------+-------------+--------+-------------+
|   INSTR_RETIRED_ANY   |   296327    | 253741 | 90640  | 80640  | 33196  |   255645    |  4726  | 8.82462e+10 |
| CPU_CLK_UNHALTED_CORE | 1.51122e+06 | 968368 | 823064 | 630952 | 203903 |   405187    | 53801  | 5.86914e+10 |
| CPU_CLK_UNHALTED_REF  | 1.32583e+06 | 976854 | 829124 | 692240 | 206176 | 1.32297e+06 | 132532 | 5.11905e+10 |
|    PWR_PKG_ENERGY     |   298.808   |   0    |   0    |   0    |   0    |      0      |   0    |      0      |
+-----------------------+-------------+--------+--------+--------+--------+-------------+--------+-------------+
+----------------------------+-------------+-------------+--------+-------------+
|           Event            |     Sum     |     Max     |  Min   |     Avg     |
+----------------------------+-------------+-------------+--------+-------------+
|   INSTR_RETIRED_ANY STAT   | 8.82472e+10 | 8.82462e+10 |  4726  | 1.10309e+10 |
| CPU_CLK_UNHALTED_CORE STAT | 5.8696e+10  | 5.86914e+10 | 53801  |  7.337e+09  |
| CPU_CLK_UNHALTED_REF STAT  | 5.1196e+10  | 5.11905e+10 | 132532 | 6.3995e+09  |
|    PWR_PKG_ENERGY STAT     |   298.808   |   298.808   |   0    |   37.351    |
+----------------------------+-------------+-------------+--------+-------------+
+----------------------+-------------+-------------+-------------+-------------+-------------+-------------+-------------+----------+
|        Metric        |   core 0    |   core 1    |   core 2    |   core 3    |   core 4    |   core 5    |   core 6    |  core 7  |
+----------------------+-------------+-------------+-------------+-------------+-------------+-------------+-------------+----------+
| Runtime (RDTSC) [s]  |   15.2011   |   15.2011   |   15.2011   |   15.2011   |   15.2011   |   15.2011   |   15.2011   | 15.2011  |
| Runtime unhalted [s] | 0.000445507 | 0.000285474 | 0.000242639 | 0.000186004 | 6.01105e-05 | 0.000119449 | 1.58605e-05 | 17.3022  |
|     Clock [MHz]      |   3866.46   |   3362.67   |   3367.34   |   3091.81   |   3354.74   |   1038.91   |   1377.03   | 3889.18  |
|         CPI          |   5.09984   |   3.81636   |   9.08058   |   7.82431   |   6.1424    |   1.58496   |   11.384    | 0.665087 |
|      Energy [J]      |   298.808   |      0      |      0      |      0      |      0      |      0      |      0      |    0     |
|      Power [W]       |   19.657    |      0      |      0      |      0      |      0      |      0      |      0      |    0     |
+----------------------+-------------+-------------+-------------+-------------+-------------+-------------+-------------+----------+
+---------------------------+---------+---------+-------------+---------+
|          Metric           |   Sum   |   Max   |     Min     |   Avg   |
+---------------------------+---------+---------+-------------+---------+
| Runtime (RDTSC) [s] STAT  | 121.609 | 15.2011 |   15.2011   | 15.2011 |
| Runtime unhalted [s] STAT | 17.3035 | 17.3022 | 1.58605e-05 | 2.16294 |
|     Clock [MHz] STAT      | 23348.1 | 3889.18 |   1038.91   | 2918.52 |
|         CPI STAT          | 45.5976 | 11.384  |  0.665087   | 5.6997  |
|      Energy [J] STAT      | 298.808 | 298.808 |      0      | 37.351  |
|      Power [W] STAT       | 19.657  | 19.657  |      0      | 2.45713 |
+---------------------------+---------+---------+-------------+---------+

